
> appi-rsi-group@0.1.0 build
> next build

   Γû▓ Next.js 15.5.9
   - Environments: .env.local

   Creating an optimized production build ...
 Γ£ô Compiled successfully in 7.1s
   Skipping validation of types
   Skipping linting
   Collecting page data ...
   Generating static pages (0/31) ...
   Generating static pages (7/31) 
   Generating static pages (15/31) 
   Generating static pages (23/31) 
 Γ£ô Generating static pages (31/31)
   Finalizing page optimization ...
   Collecting build traces ...

Route (app)                                    Size  First Load JS
Γöî ╞Æ /                                         224 B         103 kB
Γö£ ╞Æ /_not-found                               224 B         103 kB
Γö£ ╞Æ /admin                                  7.08 kB         191 kB
Γö£ ╞Æ /aktifitas-saya                         2.02 kB         110 kB
Γö£ ╞Æ /aktivitas-bulanan                      9.14 kB         196 kB
Γö£ ╞Æ /alquran                                20.2 kB         207 kB
Γö£ ╞Æ /analytics                              2.45 kB         186 kB
Γö£ ╞Æ /api/activated-months                     224 B         103 kB
Γö£ ╞Æ /api/activities                           224 B         103 kB
Γö£ ╞Æ /api/admin/bulk-monthly-activities        224 B         103 kB
Γö£ ╞Æ /api/admin/employees                      224 B         103 kB
Γö£ ╞Æ /api/admin/job-structure                  224 B         103 kB
Γö£ ╞Æ /api/admin/reports/attendance             224 B         103 kB
Γö£ ╞Æ /api/admin/reports/full-sync              224 B         103 kB
Γö£ ╞Æ /api/admin/reports/mutabaah               224 B         103 kB
Γö£ ╞Æ /api/analytics/performance                224 B         103 kB
Γö£ ╞Æ /api/analytics/stats                      224 B         103 kB
Γö£ ╞Æ /api/attendance/batch                     224 B         103 kB
Γö£ ╞Æ /api/attendance/submit                    224 B         103 kB
Γö£ ╞Æ /api/auth/change-password                 224 B         103 kB
Γö£ ╞Æ /api/auth/login                           224 B         103 kB
Γö£ ╞Æ /api/auth/logout                          224 B         103 kB
Γö£ ╞Æ /api/auth/me                              224 B         103 kB
Γö£ ╞Æ /api/auth/refresh                         224 B         103 kB
Γö£ ╞Æ /api/auth/register                        224 B         103 kB
Γö£ ╞Æ /api/auth/verify                          224 B         103 kB
Γö£ ╞Æ /api/employees                            224 B         103 kB
Γö£ ╞Æ /api/employees/bulk                       224 B         103 kB
Γö£ ╞Æ /api/employees/paginated                  224 B         103 kB
Γö£ ╞Æ /api/employees/update                     224 B         103 kB
Γö£ ╞Æ /api/maintenance/backfill-reports         224 B         103 kB
Γö£ ╞Æ /api/manual-requests/prayer               224 B         103 kB
Γö£ ╞Æ /api/manual-requests/tadarus              224 B         103 kB
Γö£ ╞Æ /api/monthly-activities                   224 B         103 kB
Γö£ ╞Æ /api/notifications                        224 B         103 kB
Γö£ ╞Æ /api/quran/[surah]                        224 B         103 kB
Γö£ ╞Æ /api/sholat/jadwal/[locationId]/[date]    224 B         103 kB
Γö£ ╞Æ /api/storage/upload                       224 B         103 kB
Γö£ ╞Æ /api/supervision/manage-team              224 B         103 kB
Γö£ ╞Æ /api/tadarus/sessions                     224 B         103 kB
Γö£ ╞Æ /api/team-attendance/sessions             224 B         103 kB
Γö£ ╞Æ /api/time                                 224 B         103 kB
Γö£ ╞Æ /dashboard                              1.34 kB         104 kB
Γö£ ╞Æ /jadwal-sesi                             3.9 kB         183 kB
Γö£ ╞Æ /jadwal-sesi/create                      1.4 kB         184 kB
Γö£ ╞Æ /jadwal-sesi/edit/[kind]/[id]           1.95 kB         190 kB
Γö£ ╞Æ /login                                  3.51 kB         188 kB
Γö£ ╞Æ /panduan-doa                            9.47 kB         188 kB
Γö£ ╞Æ /panel-mentor                            206 kB         528 kB
Γö£ ╞Æ /pengumuman                             8.95 kB         193 kB
Γö£ ╞Æ /persetujuan                            1.87 kB         186 kB
Γö£ ╞Æ /presensi                               2.04 kB         110 kB
Γö£ ╞Æ /profile                                19.9 kB         342 kB
Γöö ╞Æ /register                                1.9 kB         108 kB
+ First Load JS shared by all                102 kB
  Γö£ chunks/1255-37fdc005f9321e44.js         45.6 kB
  Γö£ chunks/4bd1b696-100b9d70ed4e49c1.js     54.2 kB
  Γöö other shared chunks (total)             2.62 kB


╞Æ Middleware                                  40 kB

╞Æ  (Dynamic)  server-rendered on demand

