src/components/PresensiSimple.tsx(4,45): error TS2792: Cannot find module '@/store/store'. Did you mean to set the 'moduleResolution' option to 'nodenext', or to add aliases to the 'paths' option?
src/components/PresensiSimple.tsx(5,34): error TS2792: Cannot find module '@/store/activityStore'. Did you mean to set the 'moduleResolution' option to 'nodenext', or to add aliases to the 'paths' option?
src/components/PresensiSimple.tsx(6,48): error TS2792: Cannot find module '@/components/PrayerCard'. Did you mean to set the 'moduleResolution' option to 'nodenext', or to add aliases to the 'paths' option?
src/components/PresensiSimple.tsx(7,25): error TS2792: Cannot find module '@/data/prayers'. Did you mean to set the 'moduleResolution' option to 'nodenext', or to add aliases to the 'paths' option?
src/components/PresensiSimple.tsx(8,56): error TS2792: Cannot find module '@/services/prayerTimeService'. Did you mean to set the 'moduleResolution' option to 'nodenext', or to add aliases to the 'paths' option?
src/components/PresensiSimple.tsx(9,57): error TS2792: Cannot find module '@/services/attendanceService'. Did you mean to set the 'moduleResolution' option to 'nodenext', or to add aliases to the 'paths' option?
src/components/PresensiSimple.tsx(10,76): error TS2792: Cannot find module '@/services/scheduledActivityService'. Did you mean to set the 'moduleResolution' option to 'nodenext', or to add aliases to the 'paths' option?
src/components/PresensiSimple.tsx(11,80): error TS2792: Cannot find module '@/services/teamAttendanceService'. Did you mean to set the 'moduleResolution' option to 'nodenext', or to add aliases to the 'paths' option?
src/components/PresensiSimple.tsx(12,57): error TS2792: Cannot find module '@/utils/dateUtils'. Did you mean to set the 'moduleResolution' option to 'nodenext', or to add aliases to the 'paths' option?
src/components/PresensiSimple.tsx(27,8): error TS2792: Cannot find module 'lucide-react'. Did you mean to set the 'moduleResolution' option to 'nodenext', or to add aliases to the 'paths' option?
src/components/PresensiSimple.tsx(28,66): error TS2792: Cannot find module '@/types'. Did you mean to set the 'moduleResolution' option to 'nodenext', or to add aliases to the 'paths' option?
src/components/PresensiSimple.tsx(41,7): error TS2322: Type '() => JSX.Element' is not assignable to type 'FC<{}>'.
  Type 'Element' is not assignable to type 'ReactNode | Promise<ReactNode>'.
src/components/PresensiSimple.tsx(91,28): error TS2339: Property 'status' does not exist on type 'unknown'.
src/components/PresensiSimple.tsx(93,33): error TS2339: Property 'isLateEntry' does not exist on type 'unknown'.
src/components/PresensiSimple.tsx(268,47): error TS1323: Dynamic imports are only supported when the '--module' flag is set to 'es2020', 'es2022', 'esnext', 'commonjs', 'amd', 'system', 'umd', 'node16', 'node18', 'node20', or 'nodenext'.
src/components/PresensiSimple.tsx(268,54): error TS2792: Cannot find module '@/services/monthlyActivityService'. Did you mean to set the 'moduleResolution' option to 'nodenext', or to add aliases to the 'paths' option?
src/components/PresensiSimple.tsx(382,5): error TS2339: Property 'div' does not exist on type 'JSX.IntrinsicElements'.
src/components/PresensiSimple.tsx(385,7): error TS2339: Property 'section' does not exist on type 'JSX.IntrinsicElements'.
src/components/PresensiSimple.tsx(386,9): error TS2339: Property 'div' does not exist on type 'JSX.IntrinsicElements'.
src/components/PresensiSimple.tsx(387,11): error TS2339: Property 'div' does not exist on type 'JSX.IntrinsicElements'.
src/components/PresensiSimple.tsx(389,11): error TS2339: Property 'div' does not exist on type 'JSX.IntrinsicElements'.
src/components/PresensiSimple.tsx(390,11): error TS2339: Property 'h2' does not exist on type 'JSX.IntrinsicElements'.
src/components/PresensiSimple.tsx(390,84): error TS2339: Property 'h2' does not exist on type 'JSX.IntrinsicElements'.
src/components/PresensiSimple.tsx(391,9): error TS2339: Property 'div' does not exist on type 'JSX.IntrinsicElements'.
src/components/PresensiSimple.tsx(394,11): error TS2339: Property 'div' does not exist on type 'JSX.IntrinsicElements'.
src/components/PresensiSimple.tsx(396,11): error TS2339: Property 'div' does not exist on type 'JSX.IntrinsicElements'.
src/components/PresensiSimple.tsx(398,11): error TS2339: Property 'div' does not exist on type 'JSX.IntrinsicElements'.
src/components/PresensiSimple.tsx(424,11): error TS2339: Property 'div' does not exist on type 'JSX.IntrinsicElements'.
src/components/PresensiSimple.tsx(426,7): error TS2339: Property 'section' does not exist on type 'JSX.IntrinsicElements'.
src/components/PresensiSimple.tsx(429,7): error TS2339: Property 'section' does not exist on type 'JSX.IntrinsicElements'.
src/components/PresensiSimple.tsx(430,9): error TS2339: Property 'div' does not exist on type 'JSX.IntrinsicElements'.
src/components/PresensiSimple.tsx(431,11): error TS2339: Property 'div' does not exist on type 'JSX.IntrinsicElements'.
src/components/PresensiSimple.tsx(433,11): error TS2339: Property 'div' does not exist on type 'JSX.IntrinsicElements'.
src/components/PresensiSimple.tsx(434,11): error TS2339: Property 'h2' does not exist on type 'JSX.IntrinsicElements'.
src/components/PresensiSimple.tsx(434,90): error TS2339: Property 'h2' does not exist on type 'JSX.IntrinsicElements'.
src/components/PresensiSimple.tsx(435,9): error TS2339: Property 'div' does not exist on type 'JSX.IntrinsicElements'.
src/components/PresensiSimple.tsx(438,11): error TS2339: Property 'div' does not exist on type 'JSX.IntrinsicElements'.
src/components/PresensiSimple.tsx(439,13): error TS2339: Property 'div' does not exist on type 'JSX.IntrinsicElements'.
src/components/PresensiSimple.tsx(439,117): error TS2339: Property 'div' does not exist on type 'JSX.IntrinsicElements'.
src/components/PresensiSimple.tsx(440,13): error TS2339: Property 'p' does not exist on type 'JSX.IntrinsicElements'.
src/components/PresensiSimple.tsx(440,69): error TS2339: Property 'p' does not exist on type 'JSX.IntrinsicElements'.
src/components/PresensiSimple.tsx(441,11): error TS2339: Property 'div' does not exist on type 'JSX.IntrinsicElements'.
src/components/PresensiSimple.tsx(443,11): error TS2339: Property 'div' does not exist on type 'JSX.IntrinsicElements'.
src/components/PresensiSimple.tsx(444,13): error TS2339: Property 'div' does not exist on type 'JSX.IntrinsicElements'.
src/components/PresensiSimple.tsx(446,13): error TS2339: Property 'div' does not exist on type 'JSX.IntrinsicElements'.
src/components/PresensiSimple.tsx(447,13): error TS2339: Property 'h3' does not exist on type 'JSX.IntrinsicElements'.
src/components/PresensiSimple.tsx(447,81): error TS2339: Property 'h3' does not exist on type 'JSX.IntrinsicElements'.
src/components/PresensiSimple.tsx(448,13): error TS2339: Property 'p' does not exist on type 'JSX.IntrinsicElements'.
src/components/PresensiSimple.tsx(448,98): error TS2339: Property 'p' does not exist on type 'JSX.IntrinsicElements'.
src/components/PresensiSimple.tsx(449,11): error TS2339: Property 'div' does not exist on type 'JSX.IntrinsicElements'.
src/components/PresensiSimple.tsx(451,11): error TS2339: Property 'div' does not exist on type 'JSX.IntrinsicElements'.
src/components/PresensiSimple.tsx(474,17): error TS2339: Property 'div' does not exist on type 'JSX.IntrinsicElements'.
src/components/PresensiSimple.tsx(476,19): error TS2339: Property 'div' does not exist on type 'JSX.IntrinsicElements'.
src/components/PresensiSimple.tsx(477,21): error TS2339: Property 'div' does not exist on type 'JSX.IntrinsicElements'.
src/components/PresensiSimple.tsx(483,21): error TS2339: Property 'div' does not exist on type 'JSX.IntrinsicElements'.
src/components/PresensiSimple.tsx(485,21): error TS2339: Property 'div' does not exist on type 'JSX.IntrinsicElements'.
src/components/PresensiSimple.tsx(486,40): error TS2339: Property 'a' does not exist on type 'JSX.IntrinsicElements'.
src/components/PresensiSimple.tsx(486,211): error TS2339: Property 'a' does not exist on type 'JSX.IntrinsicElements'.
src/components/PresensiSimple.tsx(487,43): error TS2339: Property 'a' does not exist on type 'JSX.IntrinsicElements'.
src/components/PresensiSimple.tsx(487,218): error TS2339: Property 'a' does not exist on type 'JSX.IntrinsicElements'.
src/components/PresensiSimple.tsx(488,21): error TS2339: Property 'div' does not exist on type 'JSX.IntrinsicElements'.
src/components/PresensiSimple.tsx(489,19): error TS2339: Property 'div' does not exist on type 'JSX.IntrinsicElements'.
src/components/PresensiSimple.tsx(492,19): error TS2339: Property 'div' does not exist on type 'JSX.IntrinsicElements'.
src/components/PresensiSimple.tsx(493,21): error TS2339: Property 'h3' does not exist on type 'JSX.IntrinsicElements'.
src/components/PresensiSimple.tsx(493,95): error TS2339: Property 'h3' does not exist on type 'JSX.IntrinsicElements'.
src/components/PresensiSimple.tsx(494,21): error TS2339: Property 'div' does not exist on type 'JSX.IntrinsicElements'.
src/components/PresensiSimple.tsx(495,23): error TS2339: Property 'div' does not exist on type 'JSX.IntrinsicElements'.
src/components/PresensiSimple.tsx(498,23): error TS2339: Property 'div' does not exist on type 'JSX.IntrinsicElements'.
src/components/PresensiSimple.tsx(499,23): error TS2339: Property 'div' does not exist on type 'JSX.IntrinsicElements'.
src/components/PresensiSimple.tsx(502,23): error TS2339: Property 'div' does not exist on type 'JSX.IntrinsicElements'.
src/components/PresensiSimple.tsx(503,21): error TS2339: Property 'div' does not exist on type 'JSX.IntrinsicElements'.
src/components/PresensiSimple.tsx(504,19): error TS2339: Property 'div' does not exist on type 'JSX.IntrinsicElements'.
src/components/PresensiSimple.tsx(507,19): error TS2339: Property 'div' does not exist on type 'JSX.IntrinsicElements'.
src/components/PresensiSimple.tsx(509,23): error TS2339: Property 'div' does not exist on type 'JSX.IntrinsicElements'.
src/components/PresensiSimple.tsx(511,23): error TS2339: Property 'div' does not exist on type 'JSX.IntrinsicElements'.
src/components/PresensiSimple.tsx(513,23): error TS2339: Property 'div' does not exist on type 'JSX.IntrinsicElements'.
src/components/PresensiSimple.tsx(517,23): error TS2339: Property 'div' does not exist on type 'JSX.IntrinsicElements'.
src/components/PresensiSimple.tsx(519,23): error TS2339: Property 'div' does not exist on type 'JSX.IntrinsicElements'.
src/components/PresensiSimple.tsx(520,25): error TS2339: Property 'button' does not exist on type 'JSX.IntrinsicElements'.
src/components/PresensiSimple.tsx(525,25): error TS2339: Property 'button' does not exist on type 'JSX.IntrinsicElements'.
src/components/PresensiSimple.tsx(526,25): error TS2339: Property 'button' does not exist on type 'JSX.IntrinsicElements'.
src/components/PresensiSimple.tsx(537,25): error TS2339: Property 'button' does not exist on type 'JSX.IntrinsicElements'.
src/components/PresensiSimple.tsx(538,23): error TS2339: Property 'div' does not exist on type 'JSX.IntrinsicElements'.
src/components/PresensiSimple.tsx(540,23): error TS2339: Property 'button' does not exist on type 'JSX.IntrinsicElements'.
src/components/PresensiSimple.tsx(542,23): error TS2339: Property 'button' does not exist on type 'JSX.IntrinsicElements'.
src/components/PresensiSimple.tsx(544,19): error TS2339: Property 'div' does not exist on type 'JSX.IntrinsicElements'.
src/components/PresensiSimple.tsx(547,19): error TS2339: Property 'div' does not exist on type 'JSX.IntrinsicElements'.
src/components/PresensiSimple.tsx(549,17): error TS2339: Property 'div' does not exist on type 'JSX.IntrinsicElements'.
src/components/PresensiSimple.tsx(552,11): error TS2339: Property 'div' does not exist on type 'JSX.IntrinsicElements'.
src/components/PresensiSimple.tsx(554,7): error TS2339: Property 'section' does not exist on type 'JSX.IntrinsicElements'.
src/components/PresensiSimple.tsx(558,9): error TS2339: Property 'div' does not exist on type 'JSX.IntrinsicElements'.
src/components/PresensiSimple.tsx(559,11): error TS2339: Property 'div' does not exist on type 'JSX.IntrinsicElements'.
src/components/PresensiSimple.tsx(560,13): error TS2339: Property 'div' does not exist on type 'JSX.IntrinsicElements'.
src/components/PresensiSimple.tsx(562,13): error TS2339: Property 'h3' does not exist on type 'JSX.IntrinsicElements'.
src/components/PresensiSimple.tsx(565,13): error TS2339: Property 'h3' does not exist on type 'JSX.IntrinsicElements'.
src/components/PresensiSimple.tsx(567,13): error TS2339: Property 'p' does not exist on type 'JSX.IntrinsicElements'.
src/components/PresensiSimple.tsx(568,47): error TS2339: Property 'span' does not exist on type 'JSX.IntrinsicElements'.
src/components/PresensiSimple.tsx(568,109): error TS2339: Property 'span' does not exist on type 'JSX.IntrinsicElements'.
src/components/PresensiSimple.tsx(570,13): error TS2339: Property 'p' does not exist on type 'JSX.IntrinsicElements'.
src/components/PresensiSimple.tsx(572,13): error TS2339: Property 'label' does not exist on type 'JSX.IntrinsicElements'.
src/components/PresensiSimple.tsx(574,13): error TS2339: Property 'label' does not exist on type 'JSX.IntrinsicElements'.
src/components/PresensiSimple.tsx(575,13): error TS2339: Property 'textarea' does not exist on type 'JSX.IntrinsicElements'.
src/components/PresensiSimple.tsx(583,13): error TS2339: Property 'div' does not exist on type 'JSX.IntrinsicElements'.
src/components/PresensiSimple.tsx(584,15): error TS2339: Property 'button' does not exist on type 'JSX.IntrinsicElements'.
src/components/PresensiSimple.tsx(589,15): error TS2339: Property 'button' does not exist on type 'JSX.IntrinsicElements'.
src/components/PresensiSimple.tsx(590,15): error TS2339: Property 'button' does not exist on type 'JSX.IntrinsicElements'.
src/components/PresensiSimple.tsx(606,15): error TS2339: Property 'button' does not exist on type 'JSX.IntrinsicElements'.
src/components/PresensiSimple.tsx(607,13): error TS2339: Property 'div' does not exist on type 'JSX.IntrinsicElements'.
src/components/PresensiSimple.tsx(608,11): error TS2339: Property 'div' does not exist on type 'JSX.IntrinsicElements'.
src/components/PresensiSimple.tsx(609,9): error TS2339: Property 'div' does not exist on type 'JSX.IntrinsicElements'.
src/components/PresensiSimple.tsx(611,5): error TS2339: Property 'div' does not exist on type 'JSX.IntrinsicElements'.
