src/components/PresensiSimple.tsx(4,45): error TS2792: Cannot find module '@/store/store'. Did you mean to set the 'moduleResolution' option to 'nodenext', or to add aliases to the 'paths' option?
src/components/PresensiSimple.tsx(5,34): error TS2792: Cannot find module '@/store/activityStore'. Did you mean to set the 'moduleResolution' option to 'nodenext', or to add aliases to the 'paths' option?
src/components/PresensiSimple.tsx(6,48): error TS2792: Cannot find module '@/components/PrayerCard'. Did you mean to set the 'moduleResolution' option to 'nodenext', or to add aliases to the 'paths' option?
src/components/PresensiSimple.tsx(7,25): error TS2792: Cannot find module '@/data/prayers'. Did you mean to set the 'moduleResolution' option to 'nodenext', or to add aliases to the 'paths' option?
src/components/PresensiSimple.tsx(8,56): error TS2792: Cannot find module '@/services/prayerTimeService'. Did you mean to set the 'moduleResolution' option to 'nodenext', or to add aliases to the 'paths' option?
src/components/PresensiSimple.tsx(9,57): error TS2792: Cannot find module '@/services/attendanceService'. Did you mean to set the 'moduleResolution' option to 'nodenext', or to add aliases to the 'paths' option?
src/components/PresensiSimple.tsx(10,76): error TS2792: Cannot find module '@/services/scheduledActivityService'. Did you mean to set the 'moduleResolution' option to 'nodenext', or to add aliases to the 'paths' option?
src/components/PresensiSimple.tsx(11,80): error TS2792: Cannot find module '@/services/teamAttendanceService'. Did you mean to set the 'moduleResolution' option to 'nodenext', or to add aliases to the 'paths' option?
src/components/PresensiSimple.tsx(12,57): error TS2792: Cannot find module '@/utils/dateUtils'. Did you mean to set the 'moduleResolution' option to 'nodenext', or to add aliases to the 'paths' option?
src/components/PresensiSimple.tsx(27,8): error TS2792: Cannot find module 'lucide-react'. Did you mean to set the 'moduleResolution' option to 'nodenext', or to add aliases to the 'paths' option?
src/components/PresensiSimple.tsx(28,84): error TS2792: Cannot find module '@/types'. Did you mean to set the 'moduleResolution' option to 'nodenext', or to add aliases to the 'paths' option?
src/components/PresensiSimple.tsx(41,7): error TS2322: Type '() => JSX.Element' is not assignable to type 'FC<{}>'.
  Type 'Element' is not assignable to type 'ReactNode | Promise<ReactNode>'.
src/components/PresensiSimple.tsx(91,28): error TS2339: Property 'status' does not exist on type 'unknown'.
src/components/PresensiSimple.tsx(93,33): error TS2339: Property 'isLateEntry' does not exist on type 'unknown'.
src/components/PresensiSimple.tsx(270,47): error TS1323: Dynamic imports are only supported when the '--module' flag is set to 'es2020', 'es2022', 'esnext', 'commonjs', 'amd', 'system', 'umd', 'node16', 'node18', 'node20', or 'nodenext'.
src/components/PresensiSimple.tsx(270,54): error TS2792: Cannot find module '@/services/monthlyActivityService'. Did you mean to set the 'moduleResolution' option to 'nodenext', or to add aliases to the 'paths' option?
src/components/PresensiSimple.tsx(384,5): error TS2339: Property 'div' does not exist on type 'JSX.IntrinsicElements'.
src/components/PresensiSimple.tsx(387,7): error TS2339: Property 'section' does not exist on type 'JSX.IntrinsicElements'.
src/components/PresensiSimple.tsx(388,9): error TS2339: Property 'div' does not exist on type 'JSX.IntrinsicElements'.
src/components/PresensiSimple.tsx(389,11): error TS2339: Property 'div' does not exist on type 'JSX.IntrinsicElements'.
src/components/PresensiSimple.tsx(391,11): error TS2339: Property 'div' does not exist on type 'JSX.IntrinsicElements'.
src/components/PresensiSimple.tsx(392,11): error TS2339: Property 'h2' does not exist on type 'JSX.IntrinsicElements'.
src/components/PresensiSimple.tsx(392,84): error TS2339: Property 'h2' does not exist on type 'JSX.IntrinsicElements'.
src/components/PresensiSimple.tsx(393,9): error TS2339: Property 'div' does not exist on type 'JSX.IntrinsicElements'.
src/components/PresensiSimple.tsx(396,11): error TS2339: Property 'div' does not exist on type 'JSX.IntrinsicElements'.
src/components/PresensiSimple.tsx(398,11): error TS2339: Property 'div' does not exist on type 'JSX.IntrinsicElements'.
src/components/PresensiSimple.tsx(400,11): error TS2339: Property 'div' does not exist on type 'JSX.IntrinsicElements'.
src/components/PresensiSimple.tsx(426,11): error TS2339: Property 'div' does not exist on type 'JSX.IntrinsicElements'.
src/components/PresensiSimple.tsx(428,7): error TS2339: Property 'section' does not exist on type 'JSX.IntrinsicElements'.
src/components/PresensiSimple.tsx(431,7): error TS2339: Property 'section' does not exist on type 'JSX.IntrinsicElements'.
src/components/PresensiSimple.tsx(432,9): error TS2339: Property 'div' does not exist on type 'JSX.IntrinsicElements'.
src/components/PresensiSimple.tsx(433,11): error TS2339: Property 'div' does not exist on type 'JSX.IntrinsicElements'.
src/components/PresensiSimple.tsx(435,11): error TS2339: Property 'div' does not exist on type 'JSX.IntrinsicElements'.
src/components/PresensiSimple.tsx(436,11): error TS2339: Property 'h2' does not exist on type 'JSX.IntrinsicElements'.
src/components/PresensiSimple.tsx(436,90): error TS2339: Property 'h2' does not exist on type 'JSX.IntrinsicElements'.
src/components/PresensiSimple.tsx(437,9): error TS2339: Property 'div' does not exist on type 'JSX.IntrinsicElements'.
src/components/PresensiSimple.tsx(440,11): error TS2339: Property 'div' does not exist on type 'JSX.IntrinsicElements'.
src/components/PresensiSimple.tsx(441,13): error TS2339: Property 'div' does not exist on type 'JSX.IntrinsicElements'.
src/components/PresensiSimple.tsx(441,117): error TS2339: Property 'div' does not exist on type 'JSX.IntrinsicElements'.
src/components/PresensiSimple.tsx(442,13): error TS2339: Property 'p' does not exist on type 'JSX.IntrinsicElements'.
src/components/PresensiSimple.tsx(442,69): error TS2339: Property 'p' does not exist on type 'JSX.IntrinsicElements'.
src/components/PresensiSimple.tsx(443,11): error TS2339: Property 'div' does not exist on type 'JSX.IntrinsicElements'.
src/components/PresensiSimple.tsx(445,11): error TS2339: Property 'div' does not exist on type 'JSX.IntrinsicElements'.
src/components/PresensiSimple.tsx(446,13): error TS2339: Property 'div' does not exist on type 'JSX.IntrinsicElements'.
src/components/PresensiSimple.tsx(448,13): error TS2339: Property 'div' does not exist on type 'JSX.IntrinsicElements'.
src/components/PresensiSimple.tsx(449,13): error TS2339: Property 'h3' does not exist on type 'JSX.IntrinsicElements'.
src/components/PresensiSimple.tsx(449,81): error TS2339: Property 'h3' does not exist on type 'JSX.IntrinsicElements'.
src/components/PresensiSimple.tsx(450,13): error TS2339: Property 'p' does not exist on type 'JSX.IntrinsicElements'.
src/components/PresensiSimple.tsx(450,98): error TS2339: Property 'p' does not exist on type 'JSX.IntrinsicElements'.
src/components/PresensiSimple.tsx(451,11): error TS2339: Property 'div' does not exist on type 'JSX.IntrinsicElements'.
src/components/PresensiSimple.tsx(453,11): error TS2339: Property 'div' does not exist on type 'JSX.IntrinsicElements'.
src/components/PresensiSimple.tsx(476,17): error TS2339: Property 'div' does not exist on type 'JSX.IntrinsicElements'.
src/components/PresensiSimple.tsx(478,19): error TS2339: Property 'div' does not exist on type 'JSX.IntrinsicElements'.
src/components/PresensiSimple.tsx(479,21): error TS2339: Property 'div' does not exist on type 'JSX.IntrinsicElements'.
src/components/PresensiSimple.tsx(485,21): error TS2339: Property 'div' does not exist on type 'JSX.IntrinsicElements'.
src/components/PresensiSimple.tsx(487,21): error TS2339: Property 'div' does not exist on type 'JSX.IntrinsicElements'.
src/components/PresensiSimple.tsx(488,40): error TS2339: Property 'a' does not exist on type 'JSX.IntrinsicElements'.
src/components/PresensiSimple.tsx(488,211): error TS2339: Property 'a' does not exist on type 'JSX.IntrinsicElements'.
src/components/PresensiSimple.tsx(489,43): error TS2339: Property 'a' does not exist on type 'JSX.IntrinsicElements'.
src/components/PresensiSimple.tsx(489,218): error TS2339: Property 'a' does not exist on type 'JSX.IntrinsicElements'.
src/components/PresensiSimple.tsx(490,21): error TS2339: Property 'div' does not exist on type 'JSX.IntrinsicElements'.
src/components/PresensiSimple.tsx(491,19): error TS2339: Property 'div' does not exist on type 'JSX.IntrinsicElements'.
src/components/PresensiSimple.tsx(494,19): error TS2339: Property 'div' does not exist on type 'JSX.IntrinsicElements'.
src/components/PresensiSimple.tsx(495,21): error TS2339: Property 'h3' does not exist on type 'JSX.IntrinsicElements'.
src/components/PresensiSimple.tsx(495,95): error TS2339: Property 'h3' does not exist on type 'JSX.IntrinsicElements'.
src/components/PresensiSimple.tsx(496,21): error TS2339: Property 'div' does not exist on type 'JSX.IntrinsicElements'.
src/components/PresensiSimple.tsx(497,23): error TS2339: Property 'div' does not exist on type 'JSX.IntrinsicElements'.
src/components/PresensiSimple.tsx(500,23): error TS2339: Property 'div' does not exist on type 'JSX.IntrinsicElements'.
src/components/PresensiSimple.tsx(501,23): error TS2339: Property 'div' does not exist on type 'JSX.IntrinsicElements'.
src/components/PresensiSimple.tsx(504,23): error TS2339: Property 'div' does not exist on type 'JSX.IntrinsicElements'.
src/components/PresensiSimple.tsx(505,21): error TS2339: Property 'div' does not exist on type 'JSX.IntrinsicElements'.
src/components/PresensiSimple.tsx(506,19): error TS2339: Property 'div' does not exist on type 'JSX.IntrinsicElements'.
src/components/PresensiSimple.tsx(509,19): error TS2339: Property 'div' does not exist on type 'JSX.IntrinsicElements'.
src/components/PresensiSimple.tsx(511,23): error TS2339: Property 'div' does not exist on type 'JSX.IntrinsicElements'.
src/components/PresensiSimple.tsx(513,23): error TS2339: Property 'div' does not exist on type 'JSX.IntrinsicElements'.
src/components/PresensiSimple.tsx(515,23): error TS2339: Property 'div' does not exist on type 'JSX.IntrinsicElements'.
src/components/PresensiSimple.tsx(519,23): error TS2339: Property 'div' does not exist on type 'JSX.IntrinsicElements'.
src/components/PresensiSimple.tsx(521,23): error TS2339: Property 'div' does not exist on type 'JSX.IntrinsicElements'.
src/components/PresensiSimple.tsx(522,25): error TS2339: Property 'button' does not exist on type 'JSX.IntrinsicElements'.
src/components/PresensiSimple.tsx(527,25): error TS2339: Property 'button' does not exist on type 'JSX.IntrinsicElements'.
src/components/PresensiSimple.tsx(528,25): error TS2339: Property 'button' does not exist on type 'JSX.IntrinsicElements'.
src/components/PresensiSimple.tsx(539,25): error TS2339: Property 'button' does not exist on type 'JSX.IntrinsicElements'.
src/components/PresensiSimple.tsx(540,23): error TS2339: Property 'div' does not exist on type 'JSX.IntrinsicElements'.
src/components/PresensiSimple.tsx(542,23): error TS2339: Property 'button' does not exist on type 'JSX.IntrinsicElements'.
src/components/PresensiSimple.tsx(544,23): error TS2339: Property 'button' does not exist on type 'JSX.IntrinsicElements'.
src/components/PresensiSimple.tsx(546,19): error TS2339: Property 'div' does not exist on type 'JSX.IntrinsicElements'.
src/components/PresensiSimple.tsx(549,19): error TS2339: Property 'div' does not exist on type 'JSX.IntrinsicElements'.
src/components/PresensiSimple.tsx(551,17): error TS2339: Property 'div' does not exist on type 'JSX.IntrinsicElements'.
src/components/PresensiSimple.tsx(554,11): error TS2339: Property 'div' does not exist on type 'JSX.IntrinsicElements'.
src/components/PresensiSimple.tsx(556,7): error TS2339: Property 'section' does not exist on type 'JSX.IntrinsicElements'.
src/components/PresensiSimple.tsx(560,9): error TS2339: Property 'div' does not exist on type 'JSX.IntrinsicElements'.
src/components/PresensiSimple.tsx(561,11): error TS2339: Property 'div' does not exist on type 'JSX.IntrinsicElements'.
src/components/PresensiSimple.tsx(562,13): error TS2339: Property 'div' does not exist on type 'JSX.IntrinsicElements'.
src/components/PresensiSimple.tsx(564,13): error TS2339: Property 'h3' does not exist on type 'JSX.IntrinsicElements'.
src/components/PresensiSimple.tsx(567,13): error TS2339: Property 'h3' does not exist on type 'JSX.IntrinsicElements'.
src/components/PresensiSimple.tsx(569,13): error TS2339: Property 'p' does not exist on type 'JSX.IntrinsicElements'.
src/components/PresensiSimple.tsx(570,47): error TS2339: Property 'span' does not exist on type 'JSX.IntrinsicElements'.
src/components/PresensiSimple.tsx(570,109): error TS2339: Property 'span' does not exist on type 'JSX.IntrinsicElements'.
src/components/PresensiSimple.tsx(572,13): error TS2339: Property 'p' does not exist on type 'JSX.IntrinsicElements'.
src/components/PresensiSimple.tsx(574,13): error TS2339: Property 'label' does not exist on type 'JSX.IntrinsicElements'.
src/components/PresensiSimple.tsx(576,13): error TS2339: Property 'label' does not exist on type 'JSX.IntrinsicElements'.
src/components/PresensiSimple.tsx(577,13): error TS2339: Property 'textarea' does not exist on type 'JSX.IntrinsicElements'.
src/components/PresensiSimple.tsx(585,13): error TS2339: Property 'div' does not exist on type 'JSX.IntrinsicElements'.
src/components/PresensiSimple.tsx(586,15): error TS2339: Property 'button' does not exist on type 'JSX.IntrinsicElements'.
src/components/PresensiSimple.tsx(591,15): error TS2339: Property 'button' does not exist on type 'JSX.IntrinsicElements'.
src/components/PresensiSimple.tsx(592,15): error TS2339: Property 'button' does not exist on type 'JSX.IntrinsicElements'.
src/components/PresensiSimple.tsx(608,15): error TS2339: Property 'button' does not exist on type 'JSX.IntrinsicElements'.
src/components/PresensiSimple.tsx(609,13): error TS2339: Property 'div' does not exist on type 'JSX.IntrinsicElements'.
src/components/PresensiSimple.tsx(610,11): error TS2339: Property 'div' does not exist on type 'JSX.IntrinsicElements'.
src/components/PresensiSimple.tsx(611,9): error TS2339: Property 'div' does not exist on type 'JSX.IntrinsicElements'.
src/components/PresensiSimple.tsx(613,5): error TS2339: Property 'div' does not exist on type 'JSX.IntrinsicElements'.
